2020-04-03 20:15:38,699 - Primal Log - ERROR - Error: Directory exists add --force to overwrite
